// Jest Snapshot v1, https://goo.gl/fbAQLP

exports[`test to <GifExpertApp/> component should be render <GifExpertApp/> component well 1`] = `
<Fragment>
  <h2>
    GifExpertApp
  </h2>
  <AddCategory
    setCategories={[Function]}
  />
  <hr />
  <ol>
    <GifGrid
      category="One Punch"
      key="One Punch"
    />
    <GifGrid
      category="goku"
      key="goku"
    />
  </ol>
</Fragment>
`;
